2017-08-21 22:49:41,861:DEBUG:Add: 20 + 10 = 30
2017-08-21 22:49:41,862:DEBUG:Sub: 20 - 10 = 10
2017-08-21 22:49:41,864:DEBUG:Mul: 20 * 10 = 200
2017-08-21 22:49:41,864:DEBUG:Div: 20 / 10 = 2
2017-08-21 22:50:22,262:WARNING:Add: 20 + 10 = 30
2017-08-21 22:50:22,262:DEBUG:Sub: 20 - 10 = 10
2017-08-21 22:50:22,262:INFO:Mul: 20 * 10 = 200
2017-08-21 22:50:22,262:DEBUG:Div: 20 / 10 = 2
2017-08-21 22:51:08,532:WARNING:Add: 20 + 10 = 30
2017-08-21 22:51:08,532:DEBUG:Sub: 20 - 10 = 10
2017-08-21 22:51:08,533:INFO:Mul: 20 * 10 = 200
2017-08-21 22:51:08,533:DEBUG:Div: 20 / 10 = 2
